// Jest Snapshot v1, https://goo.gl/fbAQLP

exports[`Snapshot 1`] = `
Object {
  "Resources": Object {
    "VPCB9E5F0B4": Object {
      "Properties": Object {
        "CidrBlock": "10.0.0.0/16",
        "EnableDnsHostnames": true,
        "EnableDnsSupport": true,
        "InstanceTenancy": "default",
        "Tags": Array [
          Object {
            "Key": "Name",
            "Value": "test/VPC",
          },
        ],
      },
      "Type": "AWS::EC2::VPC",
    },
    "VPCIGWB7E252D3": Object {
      "Properties": Object {
        "Tags": Array [
          Object {
            "Key": "Name",
            "Value": "test/VPC",
          },
        ],
      },
      "Type": "AWS::EC2::InternetGateway",
    },
    "VPCVPCGW99B986DC": Object {
      "Properties": Object {
        "InternetGatewayId": Object {
          "Ref": "VPCIGWB7E252D3",
        },
        "VpcId": Object {
          "Ref": "VPCB9E5F0B4",
        },
      },
      "Type": "AWS::EC2::VPCGatewayAttachment",
    },
    "VPCapplicationSubnet1DefaultRouteDDC3EE0F": Object {
      "Properties": Object {
        "DestinationCidrBlock": "0.0.0.0/0",
        "NatGatewayId": Object {
          "Ref": "VPCingressSubnet1NATGateway06A5D97E",
        },
        "RouteTableId": Object {
          "Ref": "VPCapplicationSubnet1RouteTable06DA588A",
        },
      },
      "Type": "AWS::EC2::Route",
    },
    "VPCapplicationSubnet1RouteTable06DA588A": Object {
      "Properties": Object {
        "Tags": Array [
          Object {
            "Key": "Name",
            "Value": "test/VPC/applicationSubnet1",
          },
        ],
        "VpcId": Object {
          "Ref": "VPCB9E5F0B4",
        },
      },
      "Type": "AWS::EC2::RouteTable",
    },
    "VPCapplicationSubnet1RouteTableAssociationBD8DBEDA": Object {
      "Properties": Object {
        "RouteTableId": Object {
          "Ref": "VPCapplicationSubnet1RouteTable06DA588A",
        },
        "SubnetId": Object {
          "Ref": "VPCapplicationSubnet1SubnetFE5BD7C4",
        },
      },
      "Type": "AWS::EC2::SubnetRouteTableAssociation",
    },
    "VPCapplicationSubnet1SubnetFE5BD7C4": Object {
      "Properties": Object {
        "AvailabilityZone": Object {
          "Fn::Select": Array [
            0,
            Object {
              "Fn::GetAZs": "",
            },
          ],
        },
        "CidrBlock": "10.0.2.0/24",
        "MapPublicIpOnLaunch": false,
        "Tags": Array [
          Object {
            "Key": "aws-cdk:subnet-name",
            "Value": "application",
          },
          Object {
            "Key": "aws-cdk:subnet-type",
            "Value": "Private",
          },
          Object {
            "Key": "Name",
            "Value": "test/VPC/applicationSubnet1",
          },
        ],
        "VpcId": Object {
          "Ref": "VPCB9E5F0B4",
        },
      },
      "Type": "AWS::EC2::Subnet",
    },
    "VPCapplicationSubnet2DefaultRouteBFF28947": Object {
      "Properties": Object {
        "DestinationCidrBlock": "0.0.0.0/0",
        "NatGatewayId": Object {
          "Ref": "VPCingressSubnet2NATGateway19A049B5",
        },
        "RouteTableId": Object {
          "Ref": "VPCapplicationSubnet2RouteTableBE360162",
        },
      },
      "Type": "AWS::EC2::Route",
    },
    "VPCapplicationSubnet2RouteTableAssociationB08E8C3F": Object {
      "Properties": Object {
        "RouteTableId": Object {
          "Ref": "VPCapplicationSubnet2RouteTableBE360162",
        },
        "SubnetId": Object {
          "Ref": "VPCapplicationSubnet2Subnet9AE2E808",
        },
      },
      "Type": "AWS::EC2::SubnetRouteTableAssociation",
    },
    "VPCapplicationSubnet2RouteTableBE360162": Object {
      "Properties": Object {
        "Tags": Array [
          Object {
            "Key": "Name",
            "Value": "test/VPC/applicationSubnet2",
          },
        ],
        "VpcId": Object {
          "Ref": "VPCB9E5F0B4",
        },
      },
      "Type": "AWS::EC2::RouteTable",
    },
    "VPCapplicationSubnet2Subnet9AE2E808": Object {
      "Properties": Object {
        "AvailabilityZone": Object {
          "Fn::Select": Array [
            1,
            Object {
              "Fn::GetAZs": "",
            },
          ],
        },
        "CidrBlock": "10.0.3.0/24",
        "MapPublicIpOnLaunch": false,
        "Tags": Array [
          Object {
            "Key": "aws-cdk:subnet-name",
            "Value": "application",
          },
          Object {
            "Key": "aws-cdk:subnet-type",
            "Value": "Private",
          },
          Object {
            "Key": "Name",
            "Value": "test/VPC/applicationSubnet2",
          },
        ],
        "VpcId": Object {
          "Ref": "VPCB9E5F0B4",
        },
      },
      "Type": "AWS::EC2::Subnet",
    },
    "VPCingressSubnet1DefaultRouteC1C9D77C": Object {
      "DependsOn": Array [
        "VPCVPCGW99B986DC",
      ],
      "Properties": Object {
        "DestinationCidrBlock": "0.0.0.0/0",
        "GatewayId": Object {
          "Ref": "VPCIGWB7E252D3",
        },
        "RouteTableId": Object {
          "Ref": "VPCingressSubnet1RouteTableEEF02A64",
        },
      },
      "Type": "AWS::EC2::Route",
    },
    "VPCingressSubnet1EIP46E19D36": Object {
      "Properties": Object {
        "Domain": "vpc",
        "Tags": Array [
          Object {
            "Key": "Name",
            "Value": "test/VPC/ingressSubnet1",
          },
        ],
      },
      "Type": "AWS::EC2::EIP",
    },
    "VPCingressSubnet1NATGateway06A5D97E": Object {
      "Properties": Object {
        "AllocationId": Object {
          "Fn::GetAtt": Array [
            "VPCingressSubnet1EIP46E19D36",
            "AllocationId",
          ],
        },
        "SubnetId": Object {
          "Ref": "VPCingressSubnet1SubnetBB7FDF67",
        },
        "Tags": Array [
          Object {
            "Key": "Name",
            "Value": "test/VPC/ingressSubnet1",
          },
        ],
      },
      "Type": "AWS::EC2::NatGateway",
    },
    "VPCingressSubnet1RouteTableAssociation7700457B": Object {
      "Properties": Object {
        "RouteTableId": Object {
          "Ref": "VPCingressSubnet1RouteTableEEF02A64",
        },
        "SubnetId": Object {
          "Ref": "VPCingressSubnet1SubnetBB7FDF67",
        },
      },
      "Type": "AWS::EC2::SubnetRouteTableAssociation",
    },
    "VPCingressSubnet1RouteTableEEF02A64": Object {
      "Properties": Object {
        "Tags": Array [
          Object {
            "Key": "Name",
            "Value": "test/VPC/ingressSubnet1",
          },
        ],
        "VpcId": Object {
          "Ref": "VPCB9E5F0B4",
        },
      },
      "Type": "AWS::EC2::RouteTable",
    },
    "VPCingressSubnet1SubnetBB7FDF67": Object {
      "Properties": Object {
        "AvailabilityZone": Object {
          "Fn::Select": Array [
            0,
            Object {
              "Fn::GetAZs": "",
            },
          ],
        },
        "CidrBlock": "10.0.0.0/24",
        "MapPublicIpOnLaunch": true,
        "Tags": Array [
          Object {
            "Key": "aws-cdk:subnet-name",
            "Value": "ingress",
          },
          Object {
            "Key": "aws-cdk:subnet-type",
            "Value": "Public",
          },
          Object {
            "Key": "Name",
            "Value": "test/VPC/ingressSubnet1",
          },
        ],
        "VpcId": Object {
          "Ref": "VPCB9E5F0B4",
        },
      },
      "Type": "AWS::EC2::Subnet",
    },
    "VPCingressSubnet2DefaultRoute8E2F45A7": Object {
      "DependsOn": Array [
        "VPCVPCGW99B986DC",
      ],
      "Properties": Object {
        "DestinationCidrBlock": "0.0.0.0/0",
        "GatewayId": Object {
          "Ref": "VPCIGWB7E252D3",
        },
        "RouteTableId": Object {
          "Ref": "VPCingressSubnet2RouteTable8565F2D0",
        },
      },
      "Type": "AWS::EC2::Route",
    },
    "VPCingressSubnet2EIP34D6A15B": Object {
      "Properties": Object {
        "Domain": "vpc",
        "Tags": Array [
          Object {
            "Key": "Name",
            "Value": "test/VPC/ingressSubnet2",
          },
        ],
      },
      "Type": "AWS::EC2::EIP",
    },
    "VPCingressSubnet2NATGateway19A049B5": Object {
      "Properties": Object {
        "AllocationId": Object {
          "Fn::GetAtt": Array [
            "VPCingressSubnet2EIP34D6A15B",
            "AllocationId",
          ],
        },
        "SubnetId": Object {
          "Ref": "VPCingressSubnet2SubnetE30F0091",
        },
        "Tags": Array [
          Object {
            "Key": "Name",
            "Value": "test/VPC/ingressSubnet2",
          },
        ],
      },
      "Type": "AWS::EC2::NatGateway",
    },
    "VPCingressSubnet2RouteTable8565F2D0": Object {
      "Properties": Object {
        "Tags": Array [
          Object {
            "Key": "Name",
            "Value": "test/VPC/ingressSubnet2",
          },
        ],
        "VpcId": Object {
          "Ref": "VPCB9E5F0B4",
        },
      },
      "Type": "AWS::EC2::RouteTable",
    },
    "VPCingressSubnet2RouteTableAssociation35C35494": Object {
      "Properties": Object {
        "RouteTableId": Object {
          "Ref": "VPCingressSubnet2RouteTable8565F2D0",
        },
        "SubnetId": Object {
          "Ref": "VPCingressSubnet2SubnetE30F0091",
        },
      },
      "Type": "AWS::EC2::SubnetRouteTableAssociation",
    },
    "VPCingressSubnet2SubnetE30F0091": Object {
      "Properties": Object {
        "AvailabilityZone": Object {
          "Fn::Select": Array [
            1,
            Object {
              "Fn::GetAZs": "",
            },
          ],
        },
        "CidrBlock": "10.0.1.0/24",
        "MapPublicIpOnLaunch": true,
        "Tags": Array [
          Object {
            "Key": "aws-cdk:subnet-name",
            "Value": "ingress",
          },
          Object {
            "Key": "aws-cdk:subnet-type",
            "Value": "Public",
          },
          Object {
            "Key": "Name",
            "Value": "test/VPC/ingressSubnet2",
          },
        ],
        "VpcId": Object {
          "Ref": "VPCB9E5F0B4",
        },
      },
      "Type": "AWS::EC2::Subnet",
    },
    "VPCrdsSubnet1RouteTableAAE4BCE1": Object {
      "Properties": Object {
        "Tags": Array [
          Object {
            "Key": "Name",
            "Value": "test/VPC/rdsSubnet1",
          },
        ],
        "VpcId": Object {
          "Ref": "VPCB9E5F0B4",
        },
      },
      "Type": "AWS::EC2::RouteTable",
    },
    "VPCrdsSubnet1RouteTableAssociation2B358732": Object {
      "Properties": Object {
        "RouteTableId": Object {
          "Ref": "VPCrdsSubnet1RouteTableAAE4BCE1",
        },
        "SubnetId": Object {
          "Ref": "VPCrdsSubnet1Subnet6ED1A3D4",
        },
      },
      "Type": "AWS::EC2::SubnetRouteTableAssociation",
    },
    "VPCrdsSubnet1Subnet6ED1A3D4": Object {
      "Properties": Object {
        "AvailabilityZone": Object {
          "Fn::Select": Array [
            0,
            Object {
              "Fn::GetAZs": "",
            },
          ],
        },
        "CidrBlock": "10.0.4.0/28",
        "MapPublicIpOnLaunch": false,
        "Tags": Array [
          Object {
            "Key": "aws-cdk:subnet-name",
            "Value": "rds",
          },
          Object {
            "Key": "aws-cdk:subnet-type",
            "Value": "Isolated",
          },
          Object {
            "Key": "Name",
            "Value": "test/VPC/rdsSubnet1",
          },
        ],
        "VpcId": Object {
          "Ref": "VPCB9E5F0B4",
        },
      },
      "Type": "AWS::EC2::Subnet",
    },
    "VPCrdsSubnet2RouteTable10277BE0": Object {
      "Properties": Object {
        "Tags": Array [
          Object {
            "Key": "Name",
            "Value": "test/VPC/rdsSubnet2",
          },
        ],
        "VpcId": Object {
          "Ref": "VPCB9E5F0B4",
        },
      },
      "Type": "AWS::EC2::RouteTable",
    },
    "VPCrdsSubnet2RouteTableAssociationBD2B5032": Object {
      "Properties": Object {
        "RouteTableId": Object {
          "Ref": "VPCrdsSubnet2RouteTable10277BE0",
        },
        "SubnetId": Object {
          "Ref": "VPCrdsSubnet2Subnet7BC222EF",
        },
      },
      "Type": "AWS::EC2::SubnetRouteTableAssociation",
    },
    "VPCrdsSubnet2Subnet7BC222EF": Object {
      "Properties": Object {
        "AvailabilityZone": Object {
          "Fn::Select": Array [
            1,
            Object {
              "Fn::GetAZs": "",
            },
          ],
        },
        "CidrBlock": "10.0.4.16/28",
        "MapPublicIpOnLaunch": false,
        "Tags": Array [
          Object {
            "Key": "aws-cdk:subnet-name",
            "Value": "rds",
          },
          Object {
            "Key": "aws-cdk:subnet-type",
            "Value": "Isolated",
          },
          Object {
            "Key": "Name",
            "Value": "test/VPC/rdsSubnet2",
          },
        ],
        "VpcId": Object {
          "Ref": "VPCB9E5F0B4",
        },
      },
      "Type": "AWS::EC2::Subnet",
    },
  },
}
`;
