// Jest Snapshot v1, https://goo.gl/fbAQLP

exports[`Snapshot 1`] = `
Object {
  "Parameters": Object {
    "AssetParameters1163038657f6c2adc82dd258faec25e87bb54088e6ac70142afdde8c7a91792cArtifactHash13C8AF43": Object {
      "Description": "Artifact hash for asset \\"1163038657f6c2adc82dd258faec25e87bb54088e6ac70142afdde8c7a91792c\\"",
      "Type": "String",
    },
    "AssetParameters1163038657f6c2adc82dd258faec25e87bb54088e6ac70142afdde8c7a91792cS3BucketB515DA77": Object {
      "Description": "S3 bucket for asset \\"1163038657f6c2adc82dd258faec25e87bb54088e6ac70142afdde8c7a91792c\\"",
      "Type": "String",
    },
    "AssetParameters1163038657f6c2adc82dd258faec25e87bb54088e6ac70142afdde8c7a91792cS3VersionKeyD8EF2AAC": Object {
      "Description": "S3 key for asset version \\"1163038657f6c2adc82dd258faec25e87bb54088e6ac70142afdde8c7a91792c\\"",
      "Type": "String",
    },
  },
  "Resources": Object {
    "BackupPlanA8F64793": Object {
      "Properties": Object {
        "BackupPlan": Object {
          "BackupPlanName": "BackupPlan",
          "BackupPlanRule": Array [
            Object {
              "Lifecycle": Object {
                "DeleteAfterDays": 35,
              },
              "RuleName": "Daily",
              "ScheduleExpression": "cron(0 5 * * ? *)",
              "TargetBackupVault": Object {
                "Fn::GetAtt": Array [
                  "BackupPlanVault758FCE49",
                  "BackupVaultName",
                ],
              },
            },
          ],
        },
      },
      "Type": "AWS::Backup::BackupPlan",
    },
    "BackupPlanSelectionF2B21E7E": Object {
      "Properties": Object {
        "BackupPlanId": Object {
          "Fn::GetAtt": Array [
            "BackupPlanA8F64793",
            "BackupPlanId",
          ],
        },
        "BackupSelection": Object {
          "IamRoleArn": Object {
            "Fn::GetAtt": Array [
              "BackupPlanSelectionRoleFF9E5076",
              "Arn",
            ],
          },
          "Resources": Array [
            Object {
              "Fn::GetAtt": Array [
                "DynamodbTable043A9C36",
                "Arn",
              ],
            },
          ],
          "SelectionName": "Selection",
        },
      },
      "Type": "AWS::Backup::BackupSelection",
    },
    "BackupPlanSelectionRoleFF9E5076": Object {
      "Properties": Object {
        "AssumeRolePolicyDocument": Object {
          "Statement": Array [
            Object {
              "Action": "sts:AssumeRole",
              "Effect": "Allow",
              "Principal": Object {
                "Service": "backup.amazonaws.com",
              },
            },
          ],
          "Version": "2012-10-17",
        },
        "ManagedPolicyArns": Array [
          Object {
            "Fn::Join": Array [
              "",
              Array [
                "arn:",
                Object {
                  "Ref": "AWS::Partition",
                },
                ":iam::aws:policy/service-role/AWSBackupServiceRolePolicyForBackup",
              ],
            ],
          },
        ],
      },
      "Type": "AWS::IAM::Role",
    },
    "BackupPlanVault758FCE49": Object {
      "DeletionPolicy": "Retain",
      "Properties": Object {
        "BackupVaultName": "testBackupPlanVault31C43779",
      },
      "Type": "AWS::Backup::BackupVault",
      "UpdateReplacePolicy": "Retain",
    },
    "DynamodbTable043A9C36": Object {
      "DeletionPolicy": "Retain",
      "Properties": Object {
        "AttributeDefinitions": Array [
          Object {
            "AttributeName": "no",
            "AttributeType": "S",
          },
          Object {
            "AttributeName": "col",
            "AttributeType": "S",
          },
        ],
        "KeySchema": Array [
          Object {
            "AttributeName": "no",
            "KeyType": "HASH",
          },
          Object {
            "AttributeName": "col",
            "KeyType": "RANGE",
          },
        ],
        "ProvisionedThroughput": Object {
          "ReadCapacityUnits": 5,
          "WriteCapacityUnits": 5,
        },
      },
      "Type": "AWS::DynamoDB::Table",
      "UpdateReplacePolicy": "Retain",
    },
    "IamRoleLambdaD73998E6": Object {
      "Properties": Object {
        "AssumeRolePolicyDocument": Object {
          "Statement": Array [
            Object {
              "Action": "sts:AssumeRole",
              "Effect": "Allow",
              "Principal": Object {
                "Service": "lambda.amazonaws.com",
              },
            },
          ],
          "Version": "2012-10-17",
        },
        "ManagedPolicyArns": Array [
          Object {
            "Fn::Join": Array [
              "",
              Array [
                "arn:",
                Object {
                  "Ref": "AWS::Partition",
                },
                ":iam::aws:policy/service-role/AWSLambdaBasicExecutionRole",
              ],
            ],
          },
          Object {
            "Fn::Join": Array [
              "",
              Array [
                "arn:",
                Object {
                  "Ref": "AWS::Partition",
                },
                ":iam::aws:policy/AmazonDynamoDBFullAccess",
              ],
            ],
          },
        ],
      },
      "Type": "AWS::IAM::Role",
    },
    "LabmdaFunctionE7C9FF4A": Object {
      "DependsOn": Array [
        "IamRoleLambdaD73998E6",
      ],
      "Properties": Object {
        "Code": Object {
          "S3Bucket": Object {
            "Ref": "AssetParameters1163038657f6c2adc82dd258faec25e87bb54088e6ac70142afdde8c7a91792cS3BucketB515DA77",
          },
          "S3Key": Object {
            "Fn::Join": Array [
              "",
              Array [
                Object {
                  "Fn::Select": Array [
                    0,
                    Object {
                      "Fn::Split": Array [
                        "||",
                        Object {
                          "Ref": "AssetParameters1163038657f6c2adc82dd258faec25e87bb54088e6ac70142afdde8c7a91792cS3VersionKeyD8EF2AAC",
                        },
                      ],
                    },
                  ],
                },
                Object {
                  "Fn::Select": Array [
                    1,
                    Object {
                      "Fn::Split": Array [
                        "||",
                        Object {
                          "Ref": "AssetParameters1163038657f6c2adc82dd258faec25e87bb54088e6ac70142afdde8c7a91792cS3VersionKeyD8EF2AAC",
                        },
                      ],
                    },
                  ],
                },
              ],
            ],
          },
        },
        "Environment": Object {
          "Variables": Object {
            "tablename": Object {
              "Ref": "DynamodbTable043A9C36",
            },
          },
        },
        "Handler": "index.handler",
        "Role": Object {
          "Fn::GetAtt": Array [
            "IamRoleLambdaD73998E6",
            "Arn",
          ],
        },
        "Runtime": "nodejs14.x",
      },
      "Type": "AWS::Lambda::Function",
    },
  },
}
`;
