// Jest Snapshot v1, https://goo.gl/fbAQLP

exports[`Snapshot 1`] = `
Object {
  "Resources": Object {
    "BackupPlanA8F64793": Object {
      "Properties": Object {
        "BackupPlan": Object {
          "BackupPlanName": "backup-plan",
          "BackupPlanRule": Array [
            Object {
              "Lifecycle": Object {
                "DeleteAfterDays": 35,
              },
              "RuleName": "Daily",
              "ScheduleExpression": "cron(0 5 * * ? *)",
              "TargetBackupVault": Object {
                "Fn::GetAtt": Array [
                  "BackupPlanVault758FCE49",
                  "BackupVaultName",
                ],
              },
            },
          ],
        },
      },
      "Type": "AWS::Backup::BackupPlan",
    },
    "BackupPlanSelectionF2B21E7E": Object {
      "Properties": Object {
        "BackupPlanId": Object {
          "Fn::GetAtt": Array [
            "BackupPlanA8F64793",
            "BackupPlanId",
          ],
        },
        "BackupSelection": Object {
          "IamRoleArn": Object {
            "Fn::GetAtt": Array [
              "BackupPlanSelectionRoleFF9E5076",
              "Arn",
            ],
          },
          "Resources": Array [
            Object {
              "Fn::GetAtt": Array [
                "DynamodbTable043A9C36",
                "Arn",
              ],
            },
          ],
          "SelectionName": "Selection",
        },
      },
      "Type": "AWS::Backup::BackupSelection",
    },
    "BackupPlanSelectionRoleFF9E5076": Object {
      "Properties": Object {
        "AssumeRolePolicyDocument": Object {
          "Statement": Array [
            Object {
              "Action": "sts:AssumeRole",
              "Effect": "Allow",
              "Principal": Object {
                "Service": "backup.amazonaws.com",
              },
            },
          ],
          "Version": "2012-10-17",
        },
        "ManagedPolicyArns": Array [
          Object {
            "Fn::Join": Array [
              "",
              Array [
                "arn:",
                Object {
                  "Ref": "AWS::Partition",
                },
                ":iam::aws:policy/service-role/AWSBackupServiceRolePolicyForBackup",
              ],
            ],
          },
        ],
      },
      "Type": "AWS::IAM::Role",
    },
    "BackupPlanVault758FCE49": Object {
      "DeletionPolicy": "Retain",
      "Properties": Object {
        "BackupVaultName": "testBackupPlanVault31C43779",
      },
      "Type": "AWS::Backup::BackupVault",
      "UpdateReplacePolicy": "Retain",
    },
    "DynamodbTable043A9C36": Object {
      "DeletionPolicy": "Retain",
      "Properties": Object {
        "AttributeDefinitions": Array [
          Object {
            "AttributeName": "no",
            "AttributeType": "N",
          },
        ],
        "KeySchema": Array [
          Object {
            "AttributeName": "no",
            "KeyType": "HASH",
          },
        ],
        "ProvisionedThroughput": Object {
          "ReadCapacityUnits": 5,
          "WriteCapacityUnits": 5,
        },
        "TableName": "picturetable",
      },
      "Type": "AWS::DynamoDB::Table",
      "UpdateReplacePolicy": "Retain",
    },
  },
}
`;
